2026-08-08T09:55:00.704992+00:00 run_20260808T095500703_de5b11 refined pipeline -> outputs/refine_run_20260808T095500703_de5b11.json
2026-08-08T09:55:00.705837+00:00 run_20260808T095500705_b53235 generation pipeline -> outputs/generate_run_20260808T095500705_b53235.json
2026-08-08T10:16:59.419394+00:00 run_20260808T101659418_6ccdb5 refined pipeline -> outputs/refine_run_20260808T101659418_6ccdb5.json
2026-08-08T10:16:59.420813+00:00 run_20260808T101659419_9a477a generation pipeline -> outputs/generate_run_20260808T101659419_9a477a.json
2026-08-08T10:29:58.670211+00:00 run_20260808T102958668_aba8bf refined pipeline -> outputs/refine_run_20260808T102958668_aba8bf.json
2026-08-08T10:29:58.671321+00:00 run_20260808T102958670_22108f generation pipeline -> outputs/generate_run_20260808T102958670_22108f.json
2026-08-08T14:49:16.600178+00:00 run_20260808T144916599_5e5a50 refined pipeline -> outputs/refine_run_20260808T144916599_5e5a50.json
<<<<<<< Updated upstream
2026-08-09T02:04:23.607164+00:00 run_20260809T020423605_48fcb4 refined pipeline -> outputs/refine_run_20260809T020423605_48fcb4.json
2026-08-09T02:52:29.046297+00:00 run_20260809T025229044_2d412b refined pipeline -> outputs/refine_run_20260809T025229044_2d412b.json
2026-08-09T02:57:12.843432+00:00 run_20260809T025712842_98d7ac refined pipeline -> outputs/refine_run_20260809T025712842_98d7ac.json
2026-08-09T03:12:03.377592+00:00 run_20260809T031203374_0bcd1a refined pipeline -> outputs/refine_run_20260809T031203374_0bcd1a.json
2026-08-09T03:12:05.560947+00:00 run_20260809T031205558_5512f1 refined pipeline -> outputs/refine_run_20260809T031205558_5512f1.json
=======
2026-08-08T15:42:50.630773+00:00 run_20260808T154250628_6bacba refined pipeline -> outputs/refine_run_20260808T154250628_6bacba.json
2026-08-08T15:42:50.634131+00:00 run_20260808T154250632_c4e8f2 generation pipeline -> outputs/generate_run_20260808T154250632_c4e8f2.json
2026-08-08T15:46:03.464843+00:00 run_20260808T154603458_63f796 refined pipeline -> outputs/refine_run_20260808T154603458_63f796.json
2026-08-08T15:52:09.923098+00:00 run_20260808T155209920_e9a454 refined pipeline -> outputs/refine_run_20260808T155209920_e9a454.json
2026-08-08T16:24:06.515357+00:00 run_20260808T162406511_3a6477 refined pipeline -> outputs/refine_run_20260808T162406511_3a6477.json
2026-08-08T17:12:27.540075+00:00 run_20260808T171227537_5ed48c refined pipeline -> outputs/refine_run_20260808T171227537_5ed48c.json
>>>>>>> Stashed changes
2026-08-09T08:48:09.475219+00:00 run_20260809T084809472_49299b refined pipeline -> outputs/refine_run_20260809T084809472_49299b.json
2026-08-09T08:51:26.773611+00:00 run_20260809T085126769_f372b1 refined pipeline -> outputs/refine_run_20260809T085126769_f372b1.json
2026-08-09T08:56:50.788796+00:00 run_20260809T085650786_9b4aaf refined pipeline -> outputs/refine_run_20260809T085650786_9b4aaf.json
